// Jest Snapshot v1, https://goo.gl/fbAQLP

exports[`Pruebas en HomesScreen.test.js debe de mostrarse correctamente 1`] = `
<div>
  <h1>
    HomeScreen
  </h1>
  <hr />
  <pre>
    {
   "name": "Sebasti√°n",
   "email": "seba@gmail.com"
}
  </pre>
</div>
`;
